<html>
<body>
<pre>
<h1>µVision Build Log</h1>
<h2>Tool Versions:</h2>
IDE-Version: ¦ÌVision V5.37.0.0
Copyright (C) 2022 ARM Ltd and ARM Germany GmbH. All rights reserved.
License Information: zhengyi zhou, 1, LIC=0VRJ7-EXHLC-9ZUWW-QD4FV-GH9EV-AY81A
 
Tool Versions:
Toolchain:       MDK-ARM Professional  Version: 5.37.0.0
Toolchain Path:  D:\hunters\keil\ARM\arm5\Bin
C Compiler:      Armcc.exe V5.06 update 7 (build 960)
Assembler:       Armasm.exe V5.06 update 7 (build 960)
Linker/Locator:  ArmLink.exe V5.06 update 7 (build 960)
Library Manager: ArmAr.exe V5.06 update 7 (build 960)
Hex Converter:   FromElf.exe V5.06 update 7 (build 960)
CPU DLL:         SARMCM3.DLL V5.37.0.0
Dialog DLL:      DCM.DLL V1.17.5.0
Target DLL:      STLink\ST-LINKIII-KEIL_SWO.dll V3.0.9.0
Dialog DLL:      TCM.DLL V1.56.1.0
 
<h2>Project:</h2>
D:\hunters\robot\colorV2.2\program.uvprojx
Project File Date:  04/16/2024

<h2>Output:</h2>
*** Using Compiler 'V5.06 update 7 (build 960)', folder: 'D:\hunters\keil\ARM\arm5\Bin'
Build target 'STM32'
compiling main.c...
.\HARDWARE\delay.h(49): warning:  #1-D: last line of file ends without a newline
  #endif
user\arm.c(276): warning:  #1-D: last line of file ends without a newline
  }
user\arm.c(276): warning:  #940-D: missing return statement at end of non-void function "get" 
  }
user\main.c(61): warning:  #177-D: variable "i"  was declared but never referenced
  	int i=0;
user\main.c: 4 warnings, 0 errors
linking...
Program Size: Code=5008 RO-data=268 RW-data=248 ZI-data=1224  
FromELF: creating hex file...
".\Objects\program.axf" - 0 Error(s), 4 Warning(s).

<h2>Software Packages used:</h2>

Package Vendor: Keil
                http://www.keil.com/pack/Keil.CS32F1xx_DFP.1.0.0.pack
                Keil.CS32F1xx_DFP.1.0.0
                CKS CS32F1 Series Device Support, Drivers

<h2>Collection of Component include folders:</h2>
  D:/hunters/keil/Keil/CS32F1xx_DFP/1.0.0/Device/Include

<h2>Collection of Component Files used:</h2>
Build Time Elapsed:  00:00:01
</pre>
</body>
</html>
